[www.stanthonygkp.com/index.html]
[backblue.gif]
[fade.gif]
[index.html]
[www.stanthonygkp.com/assets/images/logo/emblem 1.jpg]
[www.stanthonygkp.com/assets/css/plugins/animate.min.css]
[www.stanthonygkp.com/assets/css/plugins/fontawesome.min.css]
[www.stanthonygkp.com/assets/css/vendor/bootstrap.min.css]
[www.stanthonygkp.com/assets/css/plugins/swiper.min.css]
[www.stanthonygkp.com/assets/css/vendor/magnific-popup.css]
[www.stanthonygkp.com/assets/css/vendor/metismenu.css]
[www.stanthonygkp.com/assets/css/plugins/nice-select.css]
[www.stanthonygkp.com/assets/css/plugins/jquery-ui.css]
[www.stanthonygkp.com/assets/css/style.css]
[www.stanthonygkp.com/assets/css/flexslider.css]
[www.stanthonygkp.com/index-2.html]
[www.stanthonygkp.com/assets/images/logo/emblem 1.png]
[www.stanthonygkp.com/contenteff3.html]
[www.stanthonygkp.com/content0365.html]
[www.stanthonygkp.com/principal.html]
[www.stanthonygkp.com/content610f.html]
[www.stanthonygkp.com/content8115.html]
[www.stanthonygkp.com/content75f9.html]
[www.stanthonygkp.com/content3b50.html]
[www.stanthonygkp.com/content3466.html]
[www.stanthonygkp.com/contenta1d1.html]
[www.stanthonygkp.com/content8778.html]
[www.stanthonygkp.com/content874f.html]
[www.stanthonygkp.com/contentc251.html]
[www.stanthonygkp.com/content5ab6.html]
[www.stanthonygkp.com/content5ee9.html]
[www.stanthonygkp.com/content9f79.html]
[www.stanthonygkp.com/contentddeb.html]
[www.stanthonygkp.com/content4e95.html]
[www.stanthonygkp.com/content876c.html]
[www.stanthonygkp.com/contente7ee.html]
[www.stanthonygkp.com/contentc00b.html]
[www.stanthonygkp.com/content6b87.html]
[www.stanthonygkp.com/content6740.html]
[www.stanthonygkp.com/content7d99.html]
[www.stanthonygkp.com/contente873.html]
[www.stanthonygkp.com/content8a4e.html]
[www.stanthonygkp.com/content102a.html]
[www.stanthonygkp.com/contentd3cb.html]
[www.stanthonygkp.com/content69cc.html]
[www.stanthonygkp.com/content2486.html]
[www.stanthonygkp.com/content5b1b.html]
[www.stanthonygkp.com/content0480.html]
[www.stanthonygkp.com/toppers-x.html]
[www.stanthonygkp.com/toppers-xii.html]
[www.stanthonygkp.com/event_gallery.html]
[www.stanthonygkp.com/tc.2f.delayed]
[www.stanthonygkp.com/contact.html]
[www.stanthonygkp.com/upload/banners/banner-2026-07-24-081441.jpeg]
[www.stanthonygkp.com/upload/banners/banner-2026-04-29-112029.jpg]
[www.stanthonygkp.com/upload/banners/banner-2025-08-06-151137.jpg]
[www.stanthonygkp.com/upload/banners/banner-2025-08-06-151031.jpg]
[www.stanthonygkp.com/upload/banners/banner-2025-08-01-164229.jpg]
[www.stanthonygkp.com/upload/banners/banner-2025-08-01-163334.jpg]
[www.stanthonygkp.com/upload/about/img.jpg]
[www.stanthonygkp.com/assets/images/icon/e-cap-pix.svg]
[www.stanthonygkp.com/assets/images/icon/mission.svg]
[www.stanthonygkp.com/assets/images/icon/vission.svg]
[www.stanthonygkp.com/assets/images/campus/default.jpg]
[www.stanthonygkp.com/assets/images/default-blog.jpg]
[www.stanthonygkp.com/assets/images/testimonial/quote.svg]
[www.stanthonygkp.com/About.php]
[www.stanthonygkp.com/assets/images/offcanvase.jpg]
[www.stanthonygkp.com/admission.html]
[www.stanthonygkp.com/assets/js/vendor/jquery.min.js]
[www.stanthonygkp.com/blog.html]
[www.stanthonygkp.com/assets/js/plugins/bootstrap.min.js]
[www.stanthonygkp.com/assets/js/vendor/jquery-ui.js]
[www.stanthonygkp.com/assets/js/vendor/waw.js]
[www.stanthonygkp.com/assets/js/vendor/metismenu.js]
[www.stanthonygkp.com/assets/js/vendor/magnifying-popup.js]
[www.stanthonygkp.com/assets/js/plugins/swiper.js]
[www.stanthonygkp.com/assets/js/plugins/counterup.js]
[www.stanthonygkp.com/assets/js/vendor/waypoint.js]
[www.stanthonygkp.com/assets/js/plugins/isotop.js]
[www.stanthonygkp.com/assets/js/plugins/imagesloaded.pkgd.min.js]
[www.stanthonygkp.com/assets/js/plugins/sticky-sidebar.js]
[www.stanthonygkp.com/assets/js/plugins/resize-sensor.js]
[www.stanthonygkp.com/assets/js/plugins/twinmax.js]
[www.stanthonygkp.com/assets/js/plugins/contact.form.js]
[www.stanthonygkp.com/assets/js/plugins/nice-select.min.js]
[www.stanthonygkp.com/assets/js/jquery.flexslider.js]
[www.stanthonygkp.com/assets/js/main.js]
[www.stanthonygkp.com/index.html]
[www.stanthonygkp.com/index-2.html]
[www.stanthonygkp.com/assets/images/banner/2.jpg]
[cdn.jsdelirv.net/npm/jquery@4.5.2/dist/jquery.min.js]
[www.stanthonygkp.com/upload/content/image1-2025-08-06-123222.jpg]
[www.stanthonygkp.com/upload/content/image2-2025-08-06-123222.jpg]
[www.stanthonygkp.com/contenteff3.html]
[www.stanthonygkp.com/content0365.html]
[www.stanthonygkp.com/upload/messages/banner2-.jpg]
[www.stanthonygkp.com/principal.html]
[www.stanthonygkp.com/upload/content/content-2026-05-20-083555-0.pdf]
[www.stanthonygkp.com/content610f.html]
[www.stanthonygkp.com/content8115.html]
[www.stanthonygkp.com/content75f9.html]
[www.stanthonygkp.com/content3b50.html]
[www.stanthonygkp.com/content3466.html]
[www.stanthonygkp.com/contenta1d1.html]
[www.stanthonygkp.com/upload/content/content-2025-08-05-164051-0.jpg]
[www.stanthonygkp.com/content8778.html]
[www.stanthonygkp.com/upload/content/content-2026-05-09-091706-0.pdf]
[www.stanthonygkp.com/content874f.html]
[www.stanthonygkp.com/contentc251.html]
[www.stanthonygkp.com/upload/content/content-2026-05-09-092914-0.pdf]
[www.stanthonygkp.com/content5ab6.html]
[www.stanthonygkp.com/upload/content/content-2026-05-12-093820-0.pdf]
[www.stanthonygkp.com/content5ee9.html]
[www.stanthonygkp.com/upload/content/content-2026-05-14-053022-0.jpg]
[www.stanthonygkp.com/content9f79.html]
[www.stanthonygkp.com/upload/content/content-2026-05-12-073835-0.pdf]
[www.stanthonygkp.com/contentddeb.html]
[www.stanthonygkp.com/upload/content/content-2026-05-20-082039-0.pdf]
[www.stanthonygkp.com/content4e95.html]
[www.stanthonygkp.com/upload/content/content-2026-05-12-093215-0.pdf]
[www.stanthonygkp.com/content876c.html]
[www.stanthonygkp.com/upload/content/content-2026-05-12-093332-0.pdf]
[www.stanthonygkp.com/contente7ee.html]
[www.stanthonygkp.com/upload/content/content-2026-05-12-100338-0.pdf]
[www.stanthonygkp.com/contentc00b.html]
[www.stanthonygkp.com/upload/content/content-2026-05-12-101053-0.pdf]
[www.stanthonygkp.com/content6b87.html]
[www.stanthonygkp.com/upload/content/content-2026-05-20-065106-0.pdf]
[www.stanthonygkp.com/content6740.html]
[www.stanthonygkp.com/upload/content/content-2026-05-20-080032-0.jpg]
[www.stanthonygkp.com/content7d99.html]
[www.stanthonygkp.com/upload/content/content-2026-05-20-080151-0.jpg]
[www.stanthonygkp.com/contente873.html]
[www.stanthonygkp.com/upload/content/content-2026-05-20-091502-0.pdf]
[www.stanthonygkp.com/content8a4e.html]
[www.stanthonygkp.com/content102a.html]
[www.stanthonygkp.com/contentd3cb.html]
[www.stanthonygkp.com/content69cc.html]
[www.stanthonygkp.com/upload/content/content-2026-01-23-064151-0.jpg]
[www.stanthonygkp.com/content2486.html]
[www.stanthonygkp.com/upload/content/content-2026-01-23-064726-0.jpg]
[www.stanthonygkp.com/content5b1b.html]
[www.stanthonygkp.com/upload/content/content-2026-01-23-064817-0.jpg]
[www.stanthonygkp.com/content0480.html]
[www.stanthonygkp.com/topper-detailsf41b.php]
[www.stanthonygkp.com/assets/images/blog/default.jpg]
[www.stanthonygkp.com/topper-details0055.php]
[www.stanthonygkp.com/topper-details4ef9.php]
[www.stanthonygkp.com/topper-details6e03.php]
[www.stanthonygkp.com/topper-details87f1.php]
[www.stanthonygkp.com/topper-details7429.php]
[www.stanthonygkp.com/toppers-x2679.html]
[www.stanthonygkp.com/toppers-x4658.html]
[www.stanthonygkp.com/toppers-x.html]
[www.stanthonygkp.com/toppers-x9ba9.html]
[www.stanthonygkp.com/toppers-xii4658.html]
[www.stanthonygkp.com/toppers-xii2679.html]
[www.stanthonygkp.com/toppers-xii.html]
[www.stanthonygkp.com/toppers-xii9ba9.html]
[www.stanthonygkp.com/upload/gallery/43WhatsApp Image 2026-04-29 at 10.49.18 AM.jpg]
[www.stanthonygkp.com/upload/gallery/60DSC_0534.jpg]
[www.stanthonygkp.com/upload/gallery/15WhatsApp Image 2026-04-27 at 1.12.23 AM (1).jpg]
[www.stanthonygkp.com/upload/gallery/92WhatsApp Image 2026-04-27 at 1.12.24 AM.jpg]
[www.stanthonygkp.com/upload/gallery/69WhatsApp Image 2026-04-27 at 1.12.25 AM.jpg]
[www.stanthonygkp.com/upload/gallery/43WhatsApp Image 2026-04-27 at 1.12.25 AM (1).jpg]
[www.stanthonygkp.com/upload/gallery/37WhatsApp Image 2026-01-23 at 11.55.36 AM.jpg]
[www.stanthonygkp.com/upload/gallery/49WhatsApp Image 2026-01-23 at 11.55.35 AM.jpg]
[www.stanthonygkp.com/event_gallery.html]
[www.stanthonygkp.com/tc.html]
[www.stanthonygkp.com/contact.html]
[www.stanthonygkp.com/upload/banners/banner-2026-08-08-103229.html]
[www.stanthonygkp.com/upload/teacher/621754675468.html]
[www.stanthonygkp.com/gallery_view9584.html]
[www.stanthonygkp.com/gallery_viewe475.html]
[www.stanthonygkp.com/gallery_viewe6c0.html]
[www.stanthonygkp.com/gallery_view2ef0.html]
[www.stanthonygkp.com/gallery_view4deb.html]
[www.stanthonygkp.com/gallery_view8815.html]
[www.stanthonygkp.com/gallery_view3f66.html]
[www.stanthonygkp.com/gallery_view567d.html]
[www.stanthonygkp.com/gallery_viewcd2f.html]
[www.stanthonygkp.com/gallery_view3a1f.html]
[www.stanthonygkp.com/gallery_viewee60.html]
[www.stanthonygkp.com/gallery_view53ea.html]
[www.stanthonygkp.com/About.html]
[www.stanthonygkp.com/assets/images/banner/breadcrumb.jpg]
[www.stanthonygkp.com/assets/images/course/admission-bg.jpg]
[www.stanthonygkp.com/admission.html]
[www.stanthonygkp.com/blog-details0055.html]
[www.stanthonygkp.com/blog-details4ef9.html]
[www.stanthonygkp.com/blog-details6e03.html]
[www.stanthonygkp.com/blog-details87f1.html]
[www.stanthonygkp.com/upload/blog/blog-2026-08-08-103409.pht]
[www.stanthonygkp.com/blog-details7429.html]
[www.stanthonygkp.com/upload/blog/blog-2026-08-08-103410.htaccess]
[www.stanthonygkp.com/blog.html]
[www.stanthonygkp.com/topper-detailsf41b.html]
[www.stanthonygkp.com/topper-details0055.html]
[www.stanthonygkp.com/topper-details4ef9.html]
[www.stanthonygkp.com/topper-details6e03.html]
[www.stanthonygkp.com/topper-details87f1.html]
[www.stanthonygkp.com/topper-details7429.html]
[www.stanthonygkp.com/toppers-x2679.html]
[www.stanthonygkp.com/blog-details681a.html]
[www.stanthonygkp.com/topper-details.1022728.delayed]
[www.stanthonygkp.com/blog4658.html]
[www.stanthonygkp.com/topper-details190a.php]
[www.stanthonygkp.com/topper-details.104e371.delayed]
[www.stanthonygkp.com/topper-detailsa9bc.php]
[www.stanthonygkp.com/topper-details.106e5cc.delayed]
[www.stanthonygkp.com/topper-details6258.php]
[www.stanthonygkp.com/toppers-x4658.html]
[www.stanthonygkp.com/topper-details.1082e5f.delayed]
[www.stanthonygkp.com/topper-details9c8a.php]
[www.stanthonygkp.com/topper-detailsea25.php]
[www.stanthonygkp.com/toppers-x9ba9.html]
[www.stanthonygkp.com/toppers-xii2679.html]
[www.stanthonygkp.com/toppers-xii4658.html]
[www.stanthonygkp.com/toppers-xii9ba9.html]
[www.stanthonygkp.com/assets/images/author/02.png]
[www.stanthonygkp.com/blog-details0055.html]
[www.stanthonygkp.com/upload/blog/blog-2026-08-08-103310.html]
[www.stanthonygkp.com/blog-details4ef9.html]
[www.stanthonygkp.com/upload/blog/blog-2026-08-08-103407.html]
[www.stanthonygkp.com/blog-details6e03.html]
[www.stanthonygkp.com/upload/blog/blog-2026-08-08-103408.html]
[www.stanthonygkp.com/blog-details87f1.html]
[www.stanthonygkp.com/blog-details7429.html]
[www.stanthonygkp.com/blog-details681a.html]
[www.stanthonygkp.com/blog-details0b30.html]
[www.stanthonygkp.com/blog-detailsd708.html]
[www.stanthonygkp.com/blog-detailsdcfd.html]
[www.stanthonygkp.com/blog-detailsd61c.html]
[www.stanthonygkp.com/blog-details3a9f.html]
[www.stanthonygkp.com/blog4658.html]
[www.stanthonygkp.com/topper-details2728.html]
[www.stanthonygkp.com/topper-details190a.html]
[www.stanthonygkp.com/topper-detailse371.html]
[www.stanthonygkp.com/topper-detailsa9bc.html]
[www.stanthonygkp.com/topper-detailse5cc.html]
[www.stanthonygkp.com/topper-details6258.html]
[www.stanthonygkp.com/topper-details2e5f.html]
[www.stanthonygkp.com/topper-details9c8a.html]
[www.stanthonygkp.com/topper-detailsea25.html]
[www.stanthonygkp.com/blog-details8803.html]
[www.stanthonygkp.com/blog9ba9.html]
[via.placeholder.com/60]
[www.stanthonygkp.com/blog-details0b30.html]
[www.stanthonygkp.com/blog-detailsd708.html]
[www.stanthonygkp.com/blog-detailsdcfd.html]
[www.stanthonygkp.com/blog-detailsd61c.html]
[www.stanthonygkp.com/blog-details3a9f.html]
[www.stanthonygkp.com/blog-details8803.html]
[www.stanthonygkp.com/blog-detailsc3c9.html]
[www.stanthonygkp.com/blog-details5255.html]
[www.stanthonygkp.com/blog-detailsf41b.html]
[www.stanthonygkp.com/upload/blog/blog-2026-07-02-052650.shtml]
[www.stanthonygkp.com/blog9ba9.html]
[kps.works4u.in/_C_/Users/ajayk/Downloads/img.jpg_]
[www.stanthonygkp.com/blog-detailsc3c9.html]
[www.stanthonygkp.com/blog-details5255.html]
[www.stanthonygkp.com/blog-detailsf41b.html]
[www.stanthonygkp.com/upload/blog/blog-2026-07-02-052650.html]
[www.stanthonygkp.com/assets/images/logo/emblem 1.png]
[www.stanthonygkp.com/upload/banners/banner-2026-04-29-112029.jpg]
[www.stanthonygkp.com/upload/banners/banner-2025-08-06-151031.jpg]
[www.stanthonygkp.com/upload/banners/banner-2025-08-01-164229.jpg]
[www.stanthonygkp.com/upload/banners/banner-2025-08-01-163334.jpg]
[www.stanthonygkp.com/upload/about/img.jpg]
[www.stanthonygkp.com/assets/images/offcanvase.jpg]
[www.stanthonygkp.com/assets/css/plugins/animate.min.css]
[www.stanthonygkp.com/assets/images/banner/2.jpg]
[www.stanthonygkp.com/upload/content/image1-2025-08-06-123222.jpg]
[www.stanthonygkp.com/upload/content/image2-2025-08-06-123222.jpg]
[www.stanthonygkp.com/assets/fonts/fa-brands-400.woff2]
[www.stanthonygkp.com/upload/messages/banner2-.jpg]
[www.stanthonygkp.com/upload/content/content-2026-05-20-083555-0.pdf]
[www.stanthonygkp.com/upload/content/content-2025-08-05-164051-0.jpg]
[www.stanthonygkp.com/upload/content/content-2026-05-09-091706-0.pdf]
[www.stanthonygkp.com/assets/fonts/fa-brands-400.ttf]
[www.stanthonygkp.com/upload/content/content-2026-05-09-092914-0.pdf]
[www.stanthonygkp.com/assets/fonts/fa-duotone-900.html]
[www.stanthonygkp.com/upload/content/content-2026-05-12-093820-0.pdf]
[www.stanthonygkp.com/upload/content/content-2026-05-14-053022-0.jpg]
[www.stanthonygkp.com/upload/content/content-2026-05-12-073835-0.pdf]
[www.stanthonygkp.com/upload/content/content-2026-05-20-082039-0.pdf]
[www.stanthonygkp.com/upload/content/content-2026-05-12-093215-0.pdf]
[www.stanthonygkp.com/upload/content/content-2026-05-12-093332-0.pdf]
[www.stanthonygkp.com/upload/content/content-2026-05-12-101053-0.pdf]
[www.stanthonygkp.com/assets/fonts/fa-duotone-901.html]
[www.stanthonygkp.com/upload/content/content-2026-05-20-065106-0.pdf]
[www.stanthonygkp.com/upload/content/content-2026-05-20-080032-0.jpg]
[www.stanthonygkp.com/upload/content/content-2026-05-20-080151-0.jpg]
[www.stanthonygkp.com/upload/content/content-2026-05-20-091502-0.pdf]
[www.stanthonygkp.com/upload/content/content-2026-01-23-064151-0.jpg]
[www.stanthonygkp.com/upload/content/content-2026-01-23-064726-0.jpg]
[www.stanthonygkp.com/assets/fonts/fa-light-300.woff2]
[www.stanthonygkp.com/upload/content/content-2026-01-23-064817-0.jpg]
[www.stanthonygkp.com/upload/gallery/15WhatsApp Image 2026-04-27 at 1.12.23 AM (1).jpg]
[www.stanthonygkp.com/upload/gallery/43WhatsApp Image 2026-04-29 at 10.49.18 AM.jpg]
[www.stanthonygkp.com/upload/gallery/60DSC_0534.jpg]
[www.stanthonygkp.com/upload/gallery/92WhatsApp Image 2026-04-27 at 1.12.24 AM.jpg]
[www.stanthonygkp.com/upload/gallery/43WhatsApp Image 2026-04-27 at 1.12.25 AM (1).jpg]
[www.stanthonygkp.com/assets/fonts/fa-light-300.ttf]
[www.stanthonygkp.com/upload/gallery/69WhatsApp Image 2026-04-27 at 1.12.25 AM.jpg]
[www.stanthonygkp.com/assets/fonts/fa-regular-400.woff2]
[www.stanthonygkp.com/upload/gallery/37WhatsApp Image 2026-01-23 at 11.55.36 AM.jpg]
[www.stanthonygkp.com/assets/images/banner/breadcrumb.jpg]
[www.stanthonygkp.com/assets/images/course/admission-bg.jpg]
[www.stanthonygkp.com/assets/fonts/fa-regular-400.ttf]
[www.stanthonygkp.com/upload/blog/blog-2026-08-08-103409.pht]
[www.stanthonygkp.com/assets/images/author/02.png]
[www.stanthonygkp.com/upload/blog/blog-2026-08-08-103410.htaccess]
[www.stanthonygkp.com/assets/fonts/fa-solid-900.woff2]
[www.stanthonygkp.com/assets/fonts/fa-brands-400.woff2]
[www.stanthonygkp.com/assets/fonts/fa-brands-400.ttf]
[www.stanthonygkp.com/assets/fonts/fa-light-300.woff2]
[www.stanthonygkp.com/assets/fonts/fa-solid-900.ttf]
[www.stanthonygkp.com/assets/fonts/fa-thin-100.woff2]
[www.stanthonygkp.com/assets/fonts/fa-light-300.ttf]
[www.stanthonygkp.com/assets/fonts/fa-regular-400.woff2]
[www.stanthonygkp.com/assets/fonts/fa-regular-400.ttf]
[www.stanthonygkp.com/assets/fonts/fa-solid-900.woff2]
[www.stanthonygkp.com/assets/fonts/fa-solid-900.ttf]
[www.stanthonygkp.com/assets/css/plugins/fontawesome.min.css]
[www.stanthonygkp.com/assets/css/vendor/bootstrap.min.css]
[www.stanthonygkp.com/assets/css/plugins/swiper.min.css]
[www.stanthonygkp.com/assets/css/vendor/magnific-popup.css]
[www.stanthonygkp.com/assets/css/vendor/metismenu.css]
[www.stanthonygkp.com/assets/css/plugins/nice-select.css]
[www.stanthonygkp.com/assets/css/plugins/jquery-ui.css]
[www.stanthonygkp.com/assets/css/style.css]
[www.stanthonygkp.com/assets/css/fonts/flexslider-icon.eot]
[www.stanthonygkp.com/assets/css/fonts/flexslider-icond41d.eot]
[www.stanthonygkp.com/assets/css/fonts/flexslider-icon.ttf]
[www.stanthonygkp.com/assets/css/fonts/flexslider-icon.svg]
[www.stanthonygkp.com/assets/css/flexslider.css]
[www.stanthonygkp.com/contenteff3.html]
[www.stanthonygkp.com/upload/banners/banner-2026-07-24-081441.html]
[www.stanthonygkp.com/assets/images/icon/e-cap-pix.svg]
[www.stanthonygkp.com/assets/images/icon/mission.svg]
[www.stanthonygkp.com/assets/images/icon/vission.svg]
[www.stanthonygkp.com/upload/messages/banner-2025-08-06-150041.html]
[www.stanthonygkp.com/upload/thought/3071757042296.html]
[www.stanthonygkp.com/upload/toppers/topper-2026-05-01-080120.html]
[www.stanthonygkp.com/upload/toppers/topper-2026-05-01-080355.html]
[www.stanthonygkp.com/upload/toppers/topper-2026-05-01-080453.html]
[www.stanthonygkp.com/upload/toppers/topper-2026-05-01-080555.html]
[www.stanthonygkp.com/upload/toppers/topper-2026-05-01-080818.html]
[www.stanthonygkp.com/upload/toppers/topper-2026-05-01-080923.html]
[www.stanthonygkp.com/upload/toppers/topper-2026-05-01-081029.html]
[www.stanthonygkp.com/upload/toppers/topper-2026-05-01-081129.html]
[www.stanthonygkp.com/upload/toppers/topper-2026-05-01-081250.html]
[www.stanthonygkp.com/upload/toppers/topper-2026-05-01-081436.html]
[www.stanthonygkp.com/upload/toppers/topper-2026-05-01-081547.html]
[www.stanthonygkp.com/upload/toppers/topper-2026-05-01-081642.html]
[www.stanthonygkp.com/upload/toppers/topper-2026-05-01-081756.html]
[www.stanthonygkp.com/upload/toppers/topper-2026-05-01-081843.html]
[www.stanthonygkp.com/upload/toppers/topper-2026-05-01-081934.html]
[www.stanthonygkp.com/assets/images/blue-bg.html]
[www.stanthonygkp.com/upload/category/1754328238_DSC_0236.html]
[www.stanthonygkp.com/upload/category/1754328253_DSC_0075.html]
[www.stanthonygkp.com/upload/category/1755251217_IMG-20250815-WA0011.html]
[www.stanthonygkp.com/upload/category/1756966918_DSC_0339.html]
[www.stanthonygkp.com/upload/category/1763956175_DSC_0676.html]
[www.stanthonygkp.com/upload/category/1765341881_DSC_1041.html]
[www.stanthonygkp.com/upload/category/1765342056_DSC_1099.html]
[www.stanthonygkp.com/upload/category/1767776503_20251220_112504.html]
[www.stanthonygkp.com/upload/category/1769149693_WhatsApp Image 2026-01-23 at 11.55.36 AM.html]
[www.stanthonygkp.com/upload/category/1777462725_WhatsApp Image 2026-04-27 at 1.12.25 AM (1).html]
[www.stanthonygkp.com/upload/category/1777624696_DSC_0554.html]
[www.stanthonygkp.com/assets/images/campus/default.html]
[www.stanthonygkp.com/assets/images/icon/note_khata.html]
[www.stanthonygkp.com/assets/images/icon/book.html]
[www.stanthonygkp.com/assets/images/icon/compas_scale.html]
[www.stanthonygkp.com/assets/images/default-blog.html]
[www.stanthonygkp.com/upload/blog/blog-2025-08-08-172233.html]
[www.stanthonygkp.com/upload/blog/blog-2025-08-08-172249.html]
[www.stanthonygkp.com/assets/images/testimonial/quote.svg]
[www.stanthonygkp.com/admission.html]
[www.stanthonygkp.com/assets/js/vendor/jquery.min.js]
[www.stanthonygkp.com/assets/js/plugins/bootstrap.min.js]
[www.stanthonygkp.com/assets/js/vendor/jquery-ui.js]
[www.stanthonygkp.com/assets/js/vendor/waw.js]
[www.stanthonygkp.com/assets/js/vendor/metismenu.js]
[www.stanthonygkp.com/assets/js/vendor/magnifying-popup.js]
[www.stanthonygkp.com/assets/js/plugins/swiper.js]
[www.stanthonygkp.com/assets/js/plugins/counterup.js]
[www.stanthonygkp.com/assets/js/vendor/waypoint.js]
[www.stanthonygkp.com/assets/js/plugins/isotop.js]
[www.stanthonygkp.com/assets/js/plugins/imagesloaded.pkgd.min.js]
[www.stanthonygkp.com/assets/js/plugins/sticky-sidebar.js]
[www.stanthonygkp.com/assets/js/plugins/resize-sensor.js]
[www.stanthonygkp.com/Version/index.17b.delayed]
[www.stanthonygkp.com/assets/js/plugins/twinmax.js]
[www.stanthonygkp.com/assets/js/plugins/contact.form.js]
[www.stanthonygkp.com/assets/js/plugins/nice-select.min.js]
[www.stanthonygkp.com/assets/js/jquery.flexslider.js]
[www.stanthonygkp.com/assets/js/main.js]
[www.stanthonygkp.com/topper-detailsf41b.html]
[www.stanthonygkp.com/assets/images/blog/default.html]
[www.stanthonygkp.com/upload/gallery/65WhatsApp Image 2026-01-23 at 11.55.35 AM (2).html]
[www.stanthonygkp.com/upload/gallery/40WhatsApp Image 2026-01-23 at 11.55.35 AM (1).html]
[www.stanthonygkp.com/upload/gallery/57DSC_1163.html]
[www.stanthonygkp.com/upload/gallery/2920251220_110737.html]
[www.stanthonygkp.com/upload/gallery/49DSC_1175.html]
[www.stanthonygkp.com/upload/gallery/72DSC_1173.html]
[www.stanthonygkp.com/upload/gallery/6DSC_1041.html]
[www.stanthonygkp.com/upload/gallery/88se2.html]
[www.stanthonygkp.com/upload/gallery/75se5.html]
[www.stanthonygkp.com/upload/gallery/13se3.html]
[www.stanthonygkp.com/upload/gallery/56se4.html]
[www.stanthonygkp.com/upload/gallery/88boo.html]
[www.stanthonygkp.com/upload/gallery/5DSC_1094.html]
[www.stanthonygkp.com/upload/gallery/15DSC_1097.html]
[www.stanthonygkp.com/upload/gallery/36DSC_1099.html]
[www.stanthonygkp.com/upload/gallery/16DSC_0692.html]
[www.stanthonygkp.com/upload/gallery/17DSC_0738.html]
[www.stanthonygkp.com/upload/gallery/69DSC_0798.html]
[www.stanthonygkp.com/upload/gallery/29DSC_0661.html]
[www.stanthonygkp.com/upload/gallery/43DSC_0768.html]
[www.stanthonygkp.com/upload/gallery/75DSC_0667.html]
[www.stanthonygkp.com/upload/gallery/43DSC_0680.html]
[www.stanthonygkp.com/upload/gallery/19DSC_0649.html]
[www.stanthonygkp.com/upload/gallery/65DSC_0656.html]
[www.stanthonygkp.com/upload/gallery/51DSC_0730.html]
[www.stanthonygkp.com/upload/gallery/15WhatsApp Image 2025-09-04 at 7.51.47 PM.html]
[www.stanthonygkp.com/upload/gallery/67WhatsApp Image 2025-09-04 at 7.52.28 PM.html]
[www.stanthonygkp.com/upload/gallery/93WhatsApp Image 2025-09-04 at 11.36.43 AM.html]
[www.stanthonygkp.com/upload/gallery/57DSC_0498.html]
[www.stanthonygkp.com/upload/gallery/30DSC_0497.html]
[www.stanthonygkp.com/upload/gallery/89DSC_0489.html]
[www.stanthonygkp.com/upload/gallery/89DSC_0423.html]
[www.stanthonygkp.com/upload/gallery/91DSC_0419.html]
[www.stanthonygkp.com/upload/gallery/18DSC_0406.html]
[www.stanthonygkp.com/upload/gallery/69DSC_0403.html]
[www.stanthonygkp.com/upload/gallery/25DSC_0395.html]
[www.stanthonygkp.com/upload/gallery/38DSC_0389.html]
[www.stanthonygkp.com/upload/gallery/58DSC_0385.html]
[www.stanthonygkp.com/upload/gallery/89DSC_0382.html]
[www.stanthonygkp.com/upload/gallery/75DSC_0372.html]
[www.stanthonygkp.com/upload/gallery/20DSC_0364.html]
[www.stanthonygkp.com/upload/gallery/20DSC_0357.html]
[www.stanthonygkp.com/upload/gallery/61DSC_0355.html]
[www.stanthonygkp.com/upload/gallery/2DSC_0355.html]
[www.stanthonygkp.com/upload/gallery/31DSC_0350.html]
[www.stanthonygkp.com/upload/gallery/1DSC_0339.html]
[www.stanthonygkp.com/upload/gallery/10DSC_0339.html]
[www.stanthonygkp.com/upload/gallery/16IMG-20250815-WA0014.html]
[www.stanthonygkp.com/upload/gallery/39IMG-20250815-WA0032.html]
[www.stanthonygkp.com/upload/gallery/9IMG-20250815-WA0012.html]
[www.stanthonygkp.com/upload/gallery/94IMG-20250815-WA0022.html]
[www.stanthonygkp.com/upload/gallery/72IMG-20250815-WA0009.html]
[www.stanthonygkp.com/upload/gallery/44IMG-20250815-WA0010.html]
[www.stanthonygkp.com/upload/gallery/2IMG-20250815-WA0032.html]
[www.stanthonygkp.com/upload/gallery/19IMG-20250815-WA0016.html]
[www.stanthonygkp.com/upload/gallery/23IMG-20250815-WA0022.html]
[www.stanthonygkp.com/upload/gallery/66IMG-20250815-WA0033.html]
[www.stanthonygkp.com/upload/gallery/80IMG-20250815-WA0019.html]
[www.stanthonygkp.com/upload/gallery/10IMG-20250815-WA0024.html]
[www.stanthonygkp.com/upload/gallery/58IMG-20250815-WA0023.html]
[www.stanthonygkp.com/upload/gallery/16IMG-20250815-WA0026.html]
[www.stanthonygkp.com/upload/gallery/77IMG-20250815-WA0025.html]
[www.stanthonygkp.com/upload/gallery/90IMG-20250815-WA0035.html]
[www.stanthonygkp.com/upload/gallery/79DSC_0075.html]
[www.stanthonygkp.com/upload/gallery/99DSC_0453.html]
[www.stanthonygkp.com/blog-details0055.html]
[www.stanthonygkp.com/blog-details7429.html]
[www.stanthonygkp.com/blog-details681a.html]
[www.stanthonygkp.com/blog-details0b30.html]
[www.stanthonygkp.com/maxcdn.bootstrapcdn.com/bootstrap/3.3.7/css/bootstrap.min.css]
[www.stanthonygkp.com/www.google-analytics.com/analytics.js]
[www.stanthonygkp.com/assets/fonts/fa-duotone-900.html]
[www.stanthonygkp.com/assets/fonts/fa-duotone-901.html]
[www.stanthonygkp.com/assets/fonts/fa-thin-100.html]
[www.stanthonygkp.com/assets/fonts/fa-v4compatibility.html]
[www.stanthonygkp.com/assets/fonts/fa-v4compatibility-2.html]
[www.stanthonygkp.com/assets/css/plugins/images/ui-icons_444444_256x240.html]
[www.stanthonygkp.com/assets/css/plugins/images/ui-icons_555555_256x240.html]
[www.stanthonygkp.com/assets/css/plugins/images/ui-icons_ffffff_256x240.html]
[www.stanthonygkp.com/assets/css/plugins/images/ui-icons_777620_256x240.html]
[www.stanthonygkp.com/assets/css/plugins/images/ui-icons_cc0000_256x240.html]
[www.stanthonygkp.com/assets/css/plugins/images/ui-icons_777777_256x240.html]
[www.stanthonygkp.com/assets/css/vendor/canela-font.html]
[www.stanthonygkp.com/assets/images/bg/bg-image-1.html]
[www.stanthonygkp.com/assets/images/bg/bg-image-2.html]
[www.stanthonygkp.com/assets/images/bg/bg-image-3.html]
[www.stanthonygkp.com/assets/images/bg/bg-image-4.html]
[www.stanthonygkp.com/assets/images/bg/bg-image-5.html]
[www.stanthonygkp.com/assets/images/bg/bg-image-6.html]
[www.stanthonygkp.com/assets/images/bg/bg-image-7.html]
[www.stanthonygkp.com/assets/images/bg/bg-image-8.html]
[www.stanthonygkp.com/assets/images/bg/bg-image-9.html]
[www.stanthonygkp.com/assets/images/bg/bg-image-10.html]
[www.stanthonygkp.com/assets/images/bg/bg-image-11.html]
[www.stanthonygkp.com/assets/images/bg/bg-image-12.html]
[www.stanthonygkp.com/assets/images/bg/bg-image-13.html]
[www.stanthonygkp.com/assets/images/bg/bg-image-14.html]
[www.stanthonygkp.com/assets/images/bg/bg-image-15.html]
[www.stanthonygkp.com/assets/images/bg/bg-image-16.html]
[www.stanthonygkp.com/assets/images/bg/bg-image-17.html]
[www.stanthonygkp.com/assets/images/bg/bg-image-18.html]
[www.stanthonygkp.com/assets/images/bg/bg-image-19.html]
[www.stanthonygkp.com/assets/images/bg/bg-image-20.html]
[www.stanthonygkp.com/assets/images/bg/bg-image-21.html]
[www.stanthonygkp.com/assets/images/bg/bg-image-22.html]
[www.stanthonygkp.com/assets/images/bg/bg-image-23.html]
[www.stanthonygkp.com/assets/images/bg/bg-image-24.html]
[www.stanthonygkp.com/assets/images/bg/bg-image-25.html]
[www.stanthonygkp.com/assets/images/bg/bg-image-26.html]
[www.stanthonygkp.com/assets/images/bg/bg-image-27.html]
[www.stanthonygkp.com/assets/images/bg/bg-image-28.html]
[www.stanthonygkp.com/assets/images/bg/bg-image-29.html]
[www.stanthonygkp.com/assets/images/bg/bg-image-30.html]
[www.stanthonygkp.com/assets/images/bg/bg-image-31.html]
[www.stanthonygkp.com/assets/images/bg/bg-image-32.html]
[www.stanthonygkp.com/assets/images/bg/bg-image-33.html]
[www.stanthonygkp.com/assets/images/bg/bg-image-34.html]
[www.stanthonygkp.com/assets/images/bg/bg-image-35.html]
[www.stanthonygkp.com/assets/images/bg/bg-image-36.html]
[www.stanthonygkp.com/assets/images/bg/bg-image-37.html]
[www.stanthonygkp.com/assets/images/bg/bg-image-38.html]
[www.stanthonygkp.com/assets/images/bg/bg-image-39.html]
[www.stanthonygkp.com/assets/images/bg/bg-image-40.html]
[www.stanthonygkp.com/assets/images/bg/bg-image-41.html]
[www.stanthonygkp.com/assets/images/bg/bg-image-42.html]
[www.stanthonygkp.com/assets/images/bg/bg-image-43.html]
[www.stanthonygkp.com/assets/images/bg/bg-image-44.html]
[www.stanthonygkp.com/assets/images/bg/bg-image-45.html]
[www.stanthonygkp.com/assets/images/bg/bg-image-46.html]
[www.stanthonygkp.com/assets/images/bg/bg-image-47.html]
[www.stanthonygkp.com/assets/images/bg/bg-image-48.html]
[www.stanthonygkp.com/assets/images/bg/bg-image-49.html]
[www.stanthonygkp.com/assets/images/bg/bg-image-50.html]
[www.stanthonygkp.com/assets/images/bg/bg-image-51.html]
[www.stanthonygkp.com/assets/images/bg/bg-image-52.html]
[www.stanthonygkp.com/assets/images/bg/bg-image-53.html]
[www.stanthonygkp.com/assets/images/bg/bg-image-54.html]
[www.stanthonygkp.com/assets/images/bg/bg-image-55.html]
[www.stanthonygkp.com/assets/images/bg/bg-image-56.html]
[www.stanthonygkp.com/assets/images/bg/bg-image-57.html]
[www.stanthonygkp.com/assets/images/bg/bg-image-58.html]
[www.stanthonygkp.com/assets/images/bg/bg-image-59.html]
[www.stanthonygkp.com/assets/images/bg/bg-image-60.html]
[www.stanthonygkp.com/assets/images/icon/highlight.html]
[www.stanthonygkp.com/assets/images/banner/shape__h1.html]
[www.stanthonygkp.com/assets/images/banner/arrow__line.html]
[www.stanthonygkp.com/assets/images/feature/scholarship-bg.html]
[www.stanthonygkp.com/assets/images/campus/bg-line.html]
[www.stanthonygkp.com/assets/images/icon/arrow-rotate.html]
[www.stanthonygkp.com/assets/images/course/event-bg.html]
[www.stanthonygkp.com/assets/images/icon/check.html]
[www.stanthonygkp.com/assets/images/icon/check-red.html]
[www.stanthonygkp.com/assets/images/newsletter/bg-1.html]
[www.stanthonygkp.com/assets/images/banner/shape/close.html]
[www.stanthonygkp.com/assets/images/topper-bg.html]
[www.stanthonygkp.com/assets/images/wline.html]
[www.stanthonygkp.com/assets/images/next1.html]
[www.stanthonygkp.com/assets/images/prev1.html]
[www.stanthonygkp.com/assets/css/fonts/flexslider-icon.html]
[www.stanthonygkp.com/assets/css/fonts/flexslider-icond41d.html]
[www.stanthonygkp.com/assets/css/fonts/flexslider-icon-2.html]
[www.stanthonygkp.com/assets/css/fonts/flexslider-icon-3.html]
[www.stanthonygkp.com/Version/index.html]
[www.stanthonygkp.com/htdocs_error/style.html]
[www.stanthonygkp.com/maxcdn.bootstrapcdn.com/bootstrap/3.3.7/css/bootstrap.min.html]
[fonts.googleapis.com/css6618.css]
[www.stanthonygkp.com/www.google-analytics.com/analytics.html]
[www.stanthonygkp.com/htdocs_error/something-lost.html]
